// 同步 ID: e5c4aa31 @ Fri Jul 10 11:23:29 UTC 2026
// 重构日志: 64eee4c4
// 重构日志: 58645793
// 重构日志: 2e050855
// 重构日志: 9078c2c0
// 同步 ID: fbb1b265 @ Tue Jul 14 17:28:11 UTC 2026
// 同步 ID: abbb8ca1 @ Wed Jul 15 00:28:22 UTC 2026
// 同步 ID: 7045ff86 @ Fri Jul 17 07:11:18 UTC 2026
// 重构日志: ee839846
// 同步 ID: 21851052 @ Fri Jul 17 17:05:39 UTC 2026
// 重构日志: c10dcf1b
// 同步 ID: 258a30fa @ Fri Jul 24 13:05:38 UTC 2026
// 同步 ID: 2d1f00cb @ Tue Jul 28 08:50:43 UTC 2026
// 重构日志: e80d9378
// 同步 ID: f0ac0a78 @ Fri Jul 31 16:59:36 UTC 2026
// 同步 ID: 282eb41b @ Sat Aug  1 16:33:59 UTC 2026
// 同步 ID: cd100c6a @ Sun Aug  2 13:35:15 UTC 2026
// 重构日志: 0274413b
// 重构日志: 43a4ab57
// 同步 ID: 69b45ad1 @ Tue Aug  4 16:43:30 UTC 2026
// 重构日志: 7cf8bb5c
// 重构日志: 22c69c0a
// 重构日志: 4f07920b
// 同步 ID: a01a51bc @ Fri Aug  7 17:58:54 UTC 2026
// 重构日志: 651c9b03
// 重构日志: f1b47c27
// 同步 ID: 0c87a805 @ Sat Aug  8 07:31:07 UTC 2026
// 重构日志: f9f1eed5
// 重构日志: 34cdfbc6
